// Jest Snapshot v1, https://goo.gl/fbAQLP

exports[`generateAllNamedStreetNamePermutations generates the same list of random street names 1`] = `
Array [
  "Boulder Ave",
  "Boulder Blvd",
  "Boulder Ln",
  "Boulder Rd",
  "Boulder St",
  "Broadway Ave",
  "Broadway Blvd",
  "Broadway Ln",
  "Broadway Rd",
  "Broadway St",
  "Elder Ave",
  "Elder Blvd",
  "Elder Ln",
  "Elder Rd",
  "Elder St",
  "Kennedy Ave",
  "Kennedy Blvd",
  "Kennedy Ln",
  "Kennedy Rd",
  "Kennedy St",
  "Lincoln Ave",
  "Lincoln Blvd",
  "Lincoln Ln",
  "Lincoln Rd",
  "Lincoln St",
  "Main Ave",
  "Main Blvd",
  "Main Ln",
  "Main Rd",
  "Main St",
  "Martin Luther King Ave",
  "Martin Luther King Blvd",
  "Martin Luther King Ln",
  "Martin Luther King Rd",
  "Martin Luther King St",
  "Oak Ave",
  "Oak Blvd",
  "Oak Ln",
  "Oak Rd",
  "Oak St",
  "Peachtree Ave",
  "Peachtree Blvd",
  "Peachtree Ln",
  "Peachtree Rd",
  "Peachtree St",
  "Smith Ave",
  "Smith Blvd",
  "Smith Ln",
  "Smith Rd",
  "Smith St",
]
`;
